SoHo                                   total  14277  pre-1950:22 1950s:4 1960s:10 1970s:649 1980s:1055 1990s:3240 2000s:4921 2010s:3098 2020s:1278
Tribeca                                total   8825  pre-1950:0 1950s:0 1960s:0 1970s:33 1980s:398 1990s:1657 2000s:3647 2010s:2279 2020s:811
NoHo                                   total    880  pre-1950:0 1950s:0 1960s:0 1970s:128 1980s:59 1990s:115 2000s:166 2010s:232 2020s:180
Nolita                                 total    648  pre-1950:0 1950s:0 1960s:0 1970s:1 1980s:0 1990s:19 2000s:228 2010s:250 2020s:150
NoMad                                  total    610  pre-1950:39 1950s:3 1960s:2 1970s:16 1980s:15 1990s:28 2000s:79 2010s:267 2020s:161
Alphabet City                          total    250  pre-1950:1 1950s:0 1960s:0 1970s:0 1980s:19 1990s:26 2000s:59 2010s:100 2020s:45
Loisaida                               total     91  pre-1950:0 1950s:0 1960s:0 1970s:0 1980s:14 1990s:7 2000s:23 2010s:36 2020s:11
East Village                           total  13294  pre-1950:1 1950s:1 1960s:59 1970s:170 1980s:406 1990s:1867 2000s:5275 2010s:4164 2020s:1351
Hudson Square                          total    244  pre-1950:12 1950s:1 1960s:0 1970s:0 1980s:7 1990s:38 2000s:49 2010s:84 2020s:53
Meatpacking District                   total   1390  pre-1950:0 1950s:0 1960s:0 1970s:0 1980s:2 1990s:22 2000s:663 2010s:542 2020s:161
Flatiron District                      total   1772  pre-1950:0 1950s:0 1960s:0 1970s:0 1980s:24 1990s:271 2000s:639 2010s:667 2020s:171
Hudson Yards                           total    927  pre-1950:0 1950s:0 1960s:0 1970s:0 1980s:0 1990s:0 2000s:107 2010s:410 2020s:410
Two Bridges                            total    446  pre-1950:151 1950s:14 1960s:64 1970s:42 1980s:23 1990s:24 2000s:45 2010s:49 2020s:34
SoHa                                   total     33  pre-1950:0 1950s:0 1960s:0 1970s:1 1980s:0 1990s:7 2000s:11 2010s:11 2020s:3
Manhattan Valley                       total    410  pre-1950:83 1950s:0 1960s:6 1970s:18 1980s:55 1990s:114 2000s:66 2010s:34 2020s:34
Hell's Kitchen                         total   2097  pre-1950:113 1950s:9 1960s:15 1970s:53 1980s:124 1990s:246 2000s:562 2010s:503 2020s:472
Dumbo                                  total   2555  pre-1950:3 1950s:0 1960s:0 1970s:5 1980s:11 1990s:74 2000s:918 2010s:1252 2020s:292
Boerum Hill                            total   2098  pre-1950:0 1950s:0 1960s:8 1970s:105 1980s:116 1990s:290 2000s:704 2010s:713 2020s:162
Cobble Hill                            total   2555  pre-1950:18 1950s:0 1960s:42 1970s:169 1980s:151 1990s:418 2000s:797 2010s:726 2020s:234
Carroll Gardens                        total   2465  pre-1950:0 1950s:0 1960s:2 1970s:69 1980s:122 1990s:356 2000s:951 2010s:715 2020s:250
BoCoCa                                 total     21  pre-1950:0 1950s:0 1960s:0 1970s:0 1980s:0 1990s:0 2000s:16 2010s:2 2020s:3
Vinegar Hill                           total    241  pre-1950:0 1950s:0 1960s:0 1970s:3 1980s:6 1990s:24 2000s:81 2010s:103 2020s:24
Prospect Heights                       total   3408  pre-1950:349 1950s:77 1960s:81 1970s:74 1980s:208 1990s:499 2000s:1032 2010s:745 2020s:343
Prospect Lefferts Gardens              total    468  pre-1950:0 1950s:0 1960s:0 1970s:18 1980s:13 1990s:34 2000s:140 2010s:147 2020s:116
ProCro                                 total      9  pre-1950:0 1950s:0 1960s:0 1970s:0 1980s:0 1990s:0 2000s:0 2010s:9 2020s:0
East Williamsburg                      total    662  pre-1950:62 1950s:1 1960s:1 1970s:2 1980s:11 1990s:17 2000s:154 2010s:235 2020s:179
Columbia Street Waterfront District    total     67  pre-1950:0 1950s:0 1960s:0 1970s:0 1980s:0 1990s:0 2000s:8 2010s:40 2020s:19
Ditmas Park                            total    757  pre-1950:25 1950s:1 1960s:1 1970s:4 1980s:15 1990s:159 2000s:237 2010s:233 2020s:82
South Slope                            total    165  pre-1950:3 1950s:0 1960s:0 1970s:1 1980s:5 1990s:8 2000s:28 2010s:83 2020s:37
Greenwood Heights                      total    254  pre-1950:7 1950s:0 1960s:1 1970s:0 1980s:1 1990s:5 2000s:104 2010s:115 2020s:21
Stuyvesant Heights                     total    193  pre-1950:46 1950s:1 1960s:14 1970s:15 1980s:16 1990s:12 2000s:39 2010s:28 2020s:22
Hunters Point                          total    946  pre-1950:280 1950s:29 1960s:31 1970s:39 1980s:122 1990s:148 2000s:143 2010s:112 2020s:42
Dutch Kills                            total    182  pre-1950:78 1950s:9 1960s:1 1970s:8 1980s:4 1990s:6 2000s:23 2010s:39 2020s:14
SoBro                                  total     53  pre-1950:0 1950s:0 1960s:0 1970s:0 1980s:4 1990s:13 2000s:23 2010s:9 2020s:4
Piano District                         total     23  pre-1950:0 1950s:0 1960s:0 1970s:0 1980s:0 1990s:1 2000s:0 2010s:19 2020s:3
Port Morris                            total    493  pre-1950:257 1950s:7 1960s:7 1970s:19 1980s:27 1990s:65 2000s:43 2010s:48 2020s:20
Park Slope                             total  13220  pre-1950:643 1950s:124 1960s:216 1970s:594 1980s:807 1990s:2137 2000s:4700 2010s:3171 2020s:828
Williamsburg                           total  24932  pre-1950:7456 1950s:670 1960s:715 1970s:1092 1980s:879 1990s:1496 2000s:5047 2010s:5835 2020s:1742
Harlem                                 total  39705  pre-1950:10000 1950s:1293 1960s:2410 1970s:3346 1980s:2991 1990s:4810 2000s:7271 2010s:5172 2020s:2412
Bushwick                               total  11637  pre-1950:4663 1950s:400 1960s:417 1970s:695 1980s:499 1990s:803 2000s:1259 2010s:2078 2020s:823
Upper West Side                        total  17242  pre-1950:1157 1950s:151 1960s:222 1970s:711 1980s:1764 1990s:3663 2000s:4393 2010s:3304 2020s:1877
Upper East Side                        total  17303  pre-1950:654 1950s:70 1960s:175 1970s:566 1980s:1489 1990s:3578 2000s:5215 2010s:3609 2020s:1947
Greenwich Village                      total  20456  pre-1950:1384 1950s:369 1960s:752 1970s:1264 1980s:1843 1990s:3448 2000s:6104 2010s:4152 2020s:1140
Lower East Side                        total  17796  pre-1950:1984 1950s:454 1960s:724 1970s:1040 1980s:1293 1990s:2323 2000s:4754 2010s:3922 2020s:1302
Brooklyn Heights                       total  12052  pre-1950:1891 1950s:405 1960s:533 1970s:1364 1980s:1248 1990s:1767 2000s:2724 2010s:1641 2020s:479
Bedford-Stuyvesant                     total  10498  pre-1950:190 1950s:401 1960s:1512 1970s:1578 1980s:1069 1990s:1498 2000s:1921 2010s:1551 2020s:778
Red Hook                               total   5670  pre-1950:1198 1950s:283 1960s:206 1970s:316 1980s:217 1990s:552 2000s:1266 2010s:1285 2020s:347
Gowanus                                total   4600  pre-1950:882 1950s:215 1960s:147 1970s:177 1980s:132 1990s:358 2000s:919 2010s:1485 2020s:285
Astoria                                total   9354  pre-1950:1675 1950s:885 1960s:676 1970s:640 1980s:539 1990s:1055 2000s:1829 2010s:1653 2020s:402
Long Island City                       total  28580  pre-1950:10000 1950s:3336 1960s:1963 1970s:1801 1980s:1702 1990s:2031 2000s:3723 2010s:3244 2020s:780
Greenpoint                             total  10433  pre-1950:4071 1950s:438 1960s:397 1970s:585 1980s:381 1990s:550 2000s:1694 2010s:1648 2020s:669
Crown Heights                          total   7990  pre-1950:200 1950s:82 1960s:257 1970s:844 1980s:610 1990s:2034 2000s:1733 2010s:1483 2020s:747
Flatbush                               total  26460  pre-1950:10000 1950s:1914 1960s:1479 1970s:2966 1980s:1707 1990s:2680 2000s:3330 2010s:1754 2020s:630
Kensington                             total   2235  pre-1950:1012 1950s:46 1960s:39 1970s:114 1980s:102 1990s:234 2000s:326 2010s:240 2020s:122
Sunset Park                            total   3512  pre-1950:148 1950s:15 1960s:29 1970s:166 1980s:243 1990s:682 2000s:948 2010s:835 2020s:446
Bay Ridge                              total  11624  pre-1950:5145 1950s:745 1960s:553 1970s:1081 1980s:615 1990s:1046 2000s:1406 2010s:708 2020s:325
Dyker Heights                          total    831  pre-1950:253 1950s:20 1960s:11 1970s:20 1980s:53 1990s:99 2000s:202 2010s:118 2020s:55
Bensonhurst                            total   6221  pre-1950:2130 1950s:164 1960s:212 1970s:592 1980s:597 1990s:1063 2000s:799 2010s:458 2020s:206
Brownsville                            total   8964  pre-1950:3127 1950s:395 1960s:1171 1970s:1253 1980s:498 1990s:719 2000s:755 2010s:745 2020s:301
East New York                          total  10485  pre-1950:3794 1950s:496 1960s:746 1970s:899 1980s:728 1990s:1369 2000s:1320 2010s:874 2020s:259
Canarsie                               total   4845  pre-1950:1259 1950s:227 1960s:350 1970s:913 1980s:401 1990s:550 2000s:644 2010s:359 2020s:142
Sheepshead Bay                         total   6168  pre-1950:2632 1950s:312 1960s:301 1970s:639 1980s:436 1990s:644 2000s:627 2010s:438 2020s:139
Brighton Beach                         total   4896  pre-1950:2049 1950s:221 1960s:152 1970s:443 1980s:360 1990s:534 2000s:566 2010s:434 2020s:137
Coney Island                           total  21606  pre-1950:10000 1950s:1177 1960s:1254 1970s:2148 1980s:926 1990s:1620 2000s:2291 2010s:1652 2020s:538
Starrett City                          total    501  pre-1950:0 1950s:0 1960s:0 1970s:98 1980s:123 1990s:83 2000s:145 2010s:40 2020s:12
Jackson Heights                        total  11922  pre-1950:3700 1950s:1633 1960s:1230 1970s:1167 1980s:649 1990s:1099 2000s:1244 2010s:754 2020s:446
  429, backing off
